2026-07-22 13:24:50,797 | ERROR | request_id=- | exoplanet_etl | Extract failed
Traceback (most recent call last):
  File "C:\Users\frapa\Desktop\Data-Engineering-Platform\backend\app\etl\pipeline.py", line 44, in run
    data = extract(self.config.limit)
  File "C:\Users\frapa\AppData\Local\Programs\Python\Python310\lib\unittest\mock.py", line 1114, in __call__
    return self._mock_call(*args, **kwargs)
  File "C:\Users\frapa\AppData\Local\Programs\Python\Python310\lib\unittest\mock.py", line 1118, in _mock_call
    return self._execute_mock_call(*args, **kwargs)
  File "C:\Users\frapa\AppData\Local\Programs\Python\Python310\lib\unittest\mock.py", line 1173, in _execute_mock_call
    raise effect
Exception: API down
2026-07-22 13:24:51,775 | ERROR | request_id=- | scheduler | Scheduled ETL failed
Traceback (most recent call last):
  File "C:\Users\frapa\Desktop\Data-Engineering-Platform\backend\app\scheduler\jobs.py", line 21, in run_exoplanet_etl_job
    run_etl(session, config)
  File "C:\Users\frapa\AppData\Local\Programs\Python\Python310\lib\unittest\mock.py", line 1114, in __call__
    return self._mock_call(*args, **kwargs)
  File "C:\Users\frapa\AppData\Local\Programs\Python\Python310\lib\unittest\mock.py", line 1118, in _mock_call
    return self._execute_mock_call(*args, **kwargs)
  File "C:\Users\frapa\AppData\Local\Programs\Python\Python310\lib\unittest\mock.py", line 1173, in _execute_mock_call
    raise effect
Exception: ETL failed
